#-----------------------------------------------------------
# Vivado v2024.2 (64-bit)
# SW Build 5239630 on Fri Nov 08 22:35:27 MST 2024
# IP Build 5239520 on Sun Nov 10 16:12:51 MST 2024
# SharedData Build 5239561 on Fri Nov 08 14:39:27 MST 2024
# Start of session at: Wed May 13 11:48:18 2026
# Process ID         : 7796
# Current directory  : C:/Users/marco/Desktop/hls/prj_VPA_IP/solution1/impl/ip
# Command line       : vivado.exe -notrace -mode batch -source run_ippack.tcl
# Log file           : C:/Users/marco/Desktop/hls/prj_VPA_IP/solution1/impl/ip/vivado.log
# Journal file       : C:/Users/marco/Desktop/hls/prj_VPA_IP/solution1/impl/ip\vivado.jou
# Running On         : DESKTOP-MARCO
# Platform           : Windows Server 2016 or Windows 10
# Operating System   : 26200
# Processor Detail   : 11th Gen Intel(R) Core(TM) i7-11700 @ 2.50GHz
# CPU Frequency      : 2496 MHz
# CPU Physical cores : 8
# CPU Logical cores  : 16
# Host memory        : 16980 MB
# Swap memory        : 13421 MB
# Total Virtual      : 30402 MB
# Available Virtual  : 16578 MB
#-----------------------------------------------------------
source run_ippack.tcl -notrace
INFO: calling package_hls_ip ip_types=vitis sysgen json_file=C:/Users/marco/Desktop/hls/prj_VPA_IP/solution1/solution1_data.json outdir=C:/Users/marco/Desktop/hls/prj_VPA_IP/solution1/impl/ip srcdir=C:/Users/marco/Desktop/hls/prj_VPA_IP/solution1 sort_interfaces_ports=false
INFO: Copied 1 ipmisc file(s) to C:/Users/marco/Desktop/hls/prj_VPA_IP/solution1/impl/ip/misc
INFO: Copied 92 verilog file(s) to C:/Users/marco/Desktop/hls/prj_VPA_IP/solution1/impl/ip/hdl/verilog
INFO: Copied 72 vhdl file(s) to C:/Users/marco/Desktop/hls/prj_VPA_IP/solution1/impl/ip/hdl/vhdl
Generating 2 subcores in C:/Users/marco/Desktop/hls/prj_VPA_IP/solution1/impl/ip/hdl/ip.tmp:
impl/misc/top_module_dmul_64ns_64ns_64_14_full_dsp_1_ip.tcl
impl/misc/top_module_sitodp_32s_64_7_no_dsp_1_ip.tcl
INFO: Using COE_DIR=C:/Users/marco/Desktop/hls/prj_VPA_IP/solution1/impl/ip/hdl/verilog
INFO: Generating top_module_dmul_64ns_64ns_64_14_full_dsp_1_ip via file impl/misc/top_module_dmul_64ns_64ns_64_14_full_dsp_1_ip.tcl
INFO: [IP_Flow 19-234] Refreshing IP repositories
INFO: [IP_Flow 19-1704] No user IP repositories specified
INFO: [IP_Flow 19-2313] Loaded Vivado IP repository 'C:/Xilinx/Vivado/2024.2/data/ip'.
WARNING: [IP_Flow 19-4832] The IP name 'top_module_dmul_64ns_64ns_64_14_full_dsp_1_ip' you have specified is long. The Windows operating system has path length limitations. It is recommended you use shorter names to reduce the likelihood of issues.
INFO: [IP_Flow 19-1686] Generating 'Synthesis' target for IP 'top_module_dmul_64ns_64ns_64_14_full_dsp_1_ip'...
INFO: [IP_Flow 19-1686] Generating 'Simulation' target for IP 'top_module_dmul_64ns_64ns_64_14_full_dsp_1_ip'...
INFO: Done generating top_module_dmul_64ns_64ns_64_14_full_dsp_1_ip via file impl/misc/top_module_dmul_64ns_64ns_64_14_full_dsp_1_ip.tcl
INFO: Generating top_module_sitodp_32s_64_7_no_dsp_1_ip via file impl/misc/top_module_sitodp_32s_64_7_no_dsp_1_ip.tcl
WARNING: [IP_Flow 19-4832] The IP name 'top_module_sitodp_32s_64_7_no_dsp_1_ip' you have specified is long. The Windows operating system has path length limitations. It is recommended you use shorter names to reduce the likelihood of issues.
INFO: [IP_Flow 19-1686] Generating 'Synthesis' target for IP 'top_module_sitodp_32s_64_7_no_dsp_1_ip'...
INFO: [IP_Flow 19-1686] Generating 'Simulation' target for IP 'top_module_sitodp_32s_64_7_no_dsp_1_ip'...
INFO: Done generating top_module_sitodp_32s_64_7_no_dsp_1_ip via file impl/misc/top_module_sitodp_32s_64_7_no_dsp_1_ip.tcl
INFO: Import ports from HDL: C:/Users/marco/Desktop/hls/prj_VPA_IP/solution1/impl/ip/hdl/vhdl/top_module.vhd (top_module)
INFO: Add clock interface ap_clk
INFO: Add reset interface ap_rst_n
INFO: Add axi4stream interface im_axis_in
INFO: Add axi4stream interface current_pos
INFO: [IP_Flow 19-234] Refreshing IP repositories
INFO: [IP_Flow 19-1704] No user IP repositories specified
INFO: [IP_Flow 19-2313] Loaded Vivado IP repository 'C:/Xilinx/Vivado/2024.2/data/ip'.
INFO: Calling post_process_vitis to specialize IP
INFO: Calling post_process_sysgen to specialize IP
Generating sysgen info xml from json file
INFO: Created IP C:/Users/marco/Desktop/hls/prj_VPA_IP/solution1/impl/ip/component.xml
INFO: Created IP archive C:/Users/marco/Desktop/hls/prj_VPA_IP/solution1/impl/ip/xilinx_com_hls_VPA_IP_1_0.zip
INFO: [Common 17-206] Exiting Vivado at Wed May 13 11:48:33 2026...
